
━━ 상규교 (38.050172, 127.609731) → docs\bridges\상규교
  ⓪ SLC → InSAR (트랙 없음)
      SLC 검색·다운로드 → SNAP → 언래핑 (오래 걸린다) → docs\bridges\상규교\pipeline
      ✅ ①교량선정: 상구교 · 122m (캐시) · CSV 상규교 100m(이름 0m)
      ✅ ③ROI도심지가중: 7km · 건물 112 · 2/km² · 교량 122m<ROI ✅
      ✅ ②④SLC·트랙·프레임: ASC path54 frame122 · 36장 · 중심성 +42.1km
      ✅ ⑤ERA5필터·master: era5_master: 강수·습도·온도 대기안정도×baseline 로 master 선정 + 악천후 씬 소거 → SNAP run(era5_master=True) 연
      ✅ ⑥궤도·DEM·AUX: SNAP 자동(궤도·SRTM DEM), 2024 IPF AUX 불필요
      ✅ ⑦asc+desc연직분해: fuse_snap_asc_desc: 상승·하강 SNAP Track → 연직 U·수평 H 분해 (반대 궤도 장면 부족·기하 특이 시 단일 궤도 폴백).
      ✅ ⑪교량메타: 2종[실측]·psc_girder·연장 100m[실측] · 폭 10.0m[실측]·경간~50m[추정]·산지 · 표준데이터 '상규교' 0m
      ✅ ⑤ERA5master(실행): master 20240314 · 악천후 소거 1장
      ✅ ⑧InSAR처리(snap): 20240314 · 쌍 6/6 · 언래핑 · baseline/도플러 사전제거 4장 → track.h5
      ✅ ⑨PS/DS(교량30m): 13점(PS 0/DS 13) · 데크≤17m · 쉬프트 6m(횡 -5m·검증가능) · coherence>=0.7(1차) · 기준점 coh 0.949⚠<0.98
      ✅ ⑩트랙→project.h5: track_deck.h5 → project.h5 (/insar)
      ✅ ⑫PINN→FRAM: CRI 0.904 · 경보 위험 · docs\bridges\상규교\pipeline\project.h5
      ✅ ⑬IFC디지털트윈: IFC 미지정 → 점군 트윈(GlobalId 결합 없음) · 고도 dem+clearance · 지면 155m · 형하고 +4.5m · z 160~160m (형하고
      ✅ ⑭BMAP등록: INFRAMON-38.0502_127.6097 · 교량 1건 · bridge_registry.json → --serve-api --registry docs\bri
  ① 제원
      · CSV 에 폭 없음 → OSM 보도 간격으로
  ② 데크선
      · 폭 정보 없음 → 12 m 가정
  ③ 지면
  ④ 점 선택
      · 처리 오프셋 ≈ 0 → 교량 위 점의 횡방향 치우침은 산란체 위치(보도·난간)로 본다
  ⑤ 잔차고도
      · SNAP star 처리 폴더도 SARvey 기선 JSON 도 없음 → 잔차고도 불가(브리프 (b) 비움)
  ⑥ IFC 트윈
      부재 9 · 점 17 · 결합 17
  ⑦ PINN·CRI
      CRI 0.921 · 위험
  ⑧ 브리프
  ⑨ 감사
      보고 가능
  ⑩ 결과 문서

━━ 요약
교량        판정            점     CRI  경로
상규교       보고 가능        17   0.921  docs\bridges\상규교
